Ran all test suites matching src/__tests__/community-interaction.test.tsx.
